[debug] > Exec(early(addDefaultCommands), None, None)
[debug] > Exec(addDefaultCommands, None, None)
[debug] > Exec(early(initialize), None, None)
[debug] > Exec(initialize, None, None)
[debug] > Exec(early(addPluginSbtFile="""C:\Users\Pranav\AppData\Local\Temp\idea.sbt"""), None, None)
[debug] > Exec(addPluginSbtFile="""C:\Users\Pranav\AppData\Local\Temp\idea.sbt""", None, None)
[debug] > Exec(boot, None, None)
[debug] > Exec(writeSbtVersion, None, None)
[debug] > Exec(reload, None, None)
[debug] > Exec(sbtStashOnFailure, None, None)
[debug] > Exec(onFailure loadFailed, None, None)
[debug] > Exec(loadp, None, None)
[info] welcome to sbt 1.10.2 (Amazon.com Inc. Java 11.0.24)
[debug] Load.defaultLoad until apply took 201.2542ms
[debug]           Load.loadUnit: plugins took 181.1203ms
[debug]           Load.loadUnit: defsScala took 0.3478ms
[debug] [Loading] Scanning directory C:\Users\Pranav\IdeaProjects\recipe-lister\project
[debug]             Load.loadUnit: mkEval took 11.4968ms
[debug] [Loading] Found non-root projects 
[debug] [Loading] Done in C:\Users\Pranav\IdeaProjects\recipe-lister\project, returning: ()
[debug] deducing auto plugins based on known facts Set(Atom(sbt.plugins.CorePlugin)) and clauses Clauses(Clause(Atom(sbt.plugins.JvmPlugin),Set(Atom(sbt.plugins.IvyPlugin)))
[debug] Clause(Atom(sbt.ScriptedPlugin),Set(Atom(sbt.plugins.JvmPlugin)))
[debug] Clause(Atom(sbt.plugins.SbtPlugin),Set(Atom(sbt.ScriptedPlugin)))
[debug] Clause(Atom(sbt.plugins.SemanticdbPlugin),Set(Atom(sbt.plugins.JvmPlugin)))
[debug] Clause(Atom(sbt.plugins.JUnitXmlReportPlugin),Set(Atom(sbt.plugins.JvmPlugin)))
[debug] Clause(Atom(sbt.plugins.MiniDependencyTreePlugin),Set(Atom(sbt.plugins.JvmPlugin)))
[debug] Clause(Atom(sbt.plugins.CorePlugin),Set(Atom(sbt.plugins.IvyPlugin)))
[debug] Clause(Atom(sbt.plugins.IvyPlugin),Set(Atom(sbt.plugins.JvmPlugin)))
[debug] Clause(Atom(sbt.plugins.JvmPlugin),Set(Atom(sbt.plugins.SemanticdbPlugin)))
[debug] Clause(Atom(sbt.plugins.JvmPlugin),Set(Atom(sbt.plugins.JUnitXmlReportPlugin)))
[debug] Clause(Atom(sbt.plugins.CorePlugin),Set(Atom(sbt.plugins.Giter8TemplatePlugin)))
[debug] Clause(Atom(sbt.plugins.JvmPlugin),Set(Atom(sbt.plugins.MiniDependencyTreePlugin))))
[debug]   :: deduced result: Matched(sbt.plugins.CorePlugin,sbt.plugins.Giter8TemplatePlugin,sbt.plugins.IvyPlugin,sbt.plugins.JvmPlugin,sbt.plugins.MiniDependencyTreePlugin,sbt.plugins.JUnitXmlReportPlugin,sbt.plugins.SemanticdbPlugin)
[debug] Plugins.deducer#function took 29.4086 ms
[info] loading settings for project recipe-lister-build from idea.sbt ...
[debug]               Load.resolveProject(recipe-lister-build) took 87.1786ms
[debug]             Load.loadTransitive: finalizeProject(Project(id recipe-lister-build, base: C:\Users\Pranav\IdeaProjects\recipe-lister\project, plugins: List(<none>))) took 134.4058ms
[debug] [Loading] Done in C:\Users\Pranav\IdeaProjects\recipe-lister\project, returning: (recipe-lister-build)
[debug]           Load.loadUnit: loadedProjectsRaw took 4356.9801ms
[debug]           Load.loadUnit: cleanEvalClasses took 11.6694ms
[debug]         Load.loadUnit(file:/C:/Users/Pranav/IdeaProjects/recipe-lister/project/, ...) took 4558.2529ms
[debug]       Load.apply: load took 4982.3008ms
[debug]       Load.apply: resolveProjects took 23.2887ms
[debug]       Load.apply: finalTransforms took 227.7002ms
[debug]       Load.apply: config.delegates took 26.4408ms
[debug]       Load.apply: Def.make(settings)... took 667.4236ms
[debug]       Load.apply: structureIndex took 113.5234ms
[debug]       Load.apply: mkStreams took 1.7426ms
[info] loading project definition from C:\Users\Pranav\IdeaProjects\recipe-lister\project
[debug] Running task... Cancel: Signal, check cycles: false, forcegc: true
[debug]     Load.loadUnit: plugins took 9718.269ms
[debug]     Load.loadUnit: defsScala took 0.0037ms
[debug] [Loading] Scanning directory C:\Users\Pranav\IdeaProjects\recipe-lister
[debug]       Load.loadUnit: mkEval took 0.4603ms
[debug] [Loading] Found root project root w/ remaining 
[debug] deducing auto plugins based on known facts Set(Atom(sbt.plugins.CorePlugin)) and clauses Clauses(Clause(Atom(sbt.plugins.JvmPlugin),Set(Atom(sbt.plugins.IvyPlugin)))
[debug] Clause(Atom(sbt.ScriptedPlugin),Set(Atom(sbt.plugins.JvmPlugin)))
[debug] Clause(Atom(sbt.plugins.SbtPlugin),Set(Atom(sbt.ScriptedPlugin)))
[debug] Clause(Atom(sbt.plugins.SemanticdbPlugin),Set(Atom(sbt.plugins.JvmPlugin)))
[debug] Clause(Atom(sbt.plugins.JUnitXmlReportPlugin),Set(Atom(sbt.plugins.JvmPlugin)))
[debug] Clause(Atom(sbt.plugins.MiniDependencyTreePlugin),Set(Atom(sbt.plugins.JvmPlugin)))
[debug] Clause(Atom(org.jetbrains.sbt.StructurePlugin),Set(Atom(sbt.plugins.JvmPlugin)))
[debug] Clause(Atom(org.jetbrains.sbt.IdeaShellPlugin),Set(Atom(sbt.plugins.JvmPlugin)))
[debug] Clause(Atom(org.jetbrains.sbt.indices.SbtIntellijIndicesPlugin),Set(Atom(sbt.plugins.JvmPlugin)))
[debug] Clause(Atom(sbt.plugins.CorePlugin),Set(Atom(sbt.plugins.IvyPlugin)))
[debug] Clause(Atom(sbt.plugins.IvyPlugin),Set(Atom(sbt.plugins.JvmPlugin)))
[debug] Clause(Atom(sbt.plugins.JvmPlugin),Set(Atom(sbt.plugins.SemanticdbPlugin)))
[debug] Clause(Atom(sbt.plugins.JvmPlugin),Set(Atom(sbt.plugins.JUnitXmlReportPlugin)))
[debug] Clause(Atom(sbt.plugins.CorePlugin),Set(Atom(sbt.plugins.Giter8TemplatePlugin)))
[debug] Clause(Atom(sbt.plugins.JvmPlugin),Set(Atom(sbt.plugins.MiniDependencyTreePlugin)))
[debug] Clause(Atom(sbt.plugins.JvmPlugin),Set(Atom(org.jetbrains.sbt.StructurePlugin)))
[debug] Clause(Atom(sbt.plugins.JvmPlugin),Set(Atom(org.jetbrains.sbt.IdeaShellPlugin)))
[debug] Clause(And(Set(Atom(sbt.plugins.CorePlugin), Atom(sbt.plugins.JvmPlugin))),Set(Atom(org.jetbrains.sbt.indices.SbtIntellijIndicesPlugin))))
[debug]   :: deduced result: Matched(sbt.plugins.CorePlugin,sbt.plugins.Giter8TemplatePlugin,sbt.plugins.IvyPlugin,sbt.plugins.JvmPlugin,sbt.plugins.SemanticdbPlugin,org.jetbrains.sbt.indices.SbtIntellijIndicesPlugin,sbt.plugins.JUnitXmlReportPlugin,org.jetbrains.sbt.IdeaShellPlugin,org.jetbrains.sbt.StructurePlugin,sbt.plugins.MiniDependencyTreePlugin)
[debug] Plugins.deducer#function took 10.2356 ms
[info] loading settings for project root from build.sbt ...
[debug]         Load.resolveProject(root) took 100.9361ms
[debug]       Load.loadTransitive: finalizeProject(Project(id root, base: C:\Users\Pranav\IdeaProjects\recipe-lister, plugins: List(<none>))) took 118.0078ms
[debug] [Loading] Done in C:\Users\Pranav\IdeaProjects\recipe-lister, returning: (root)
[debug]     Load.loadUnit: loadedProjectsRaw took 2494.2597ms
[debug]     Load.loadUnit: cleanEvalClasses took 47.2764ms
[debug]   Load.loadUnit(file:/C:/Users/Pranav/IdeaProjects/recipe-lister/, ...) took 12262.1271ms
[debug] Load.apply: load took 12295.6717ms
[debug] Load.apply: resolveProjects took 0.2558ms
[debug] Load.apply: finalTransforms took 122.88ms
[debug] Load.apply: config.delegates took 1.0629ms
[debug] Load.apply: Def.make(settings)... took 220.9782ms
[debug] Load.apply: structureIndex took 81.6298ms
[debug] Load.apply: mkStreams took 0.0093ms
[info] set current project to recipe-lister (in build file:/C:/Users/Pranav/IdeaProjects/recipe-lister/)
[debug] > Exec(sbtPopOnFailure, None, None)
[debug] > Exec(resumeFromFailure, None, None)
[debug] > Exec(notifyUsersAboutShell, None, None)
[debug] > Exec(iflast shell, None, None)
[debug] > Exec(; set ideaPort in Global := 58337 ; idea-shell, None, None)
[debug] > Exec(set ideaPort in Global := 58337, None, None)
[info] Defining Global / ideaPort
[info] The new value will be used by Compile / compile, Test / compile
[debug] Defining 
[debug] 	Global / ideaPort
[debug] 
[debug] The new value will be used by 
[debug] 	Compile / compile
[debug] 	Test / compile
[info] Reapplying settings...
[info] set current project to recipe-lister (in build file:/C:/Users/Pranav/IdeaProjects/recipe-lister/)
[debug] > Exec(idea-shell, None, None)
